
> moviepedia@0.1.0 test
> react-scripts test --coverage

FAIL src/App.test.tsx
  ✕ renders learn react link (127 ms)

  ● renders learn react link

    TestingLibraryElementError: Unable to find an element with the text: /learn react/i. This could be because the text is broken up by multiple elements. In this case, you can provide a function for your text matcher to make your matcher more flexible.

    Ignored nodes: comments, script, style
    [36m<body>[39m
      [36m<div>[39m
        [36m<div[39m
          [33mclass[39m=[32m"App"[39m
        [36m>[39m
          [36m<div[39m
            [33mstyle[39m=[32m"background-color: rgb(190, 227, 248);"[39m
          [36m>[39m
            [36m<h2[39m
              [33mclass[39m=[32m"chakra-heading css-1bxqjsp"[39m
            [36m>[39m
              [36m<div[39m
                [33mclass[39m=[32m"css-f78n2q"[39m
              [36m>[39m
                [36m<img[39m
                  [33malt[39m=[32m"Hackathon Logo"[39m
                  [33msrc[39m=[32m"old-logo.png"[39m
                  [33mwidth[39m=[32m"70"[39m
                [36m/>[39m
              [36m</div>[39m
              [36m<p>[39m
                [0mHAKSafety[0m
              [36m</p>[39m
            [36m</h2>[39m
            [36m<div[39m
              [33mclass[39m=[32m"chakra-container css-kyf97o"[39m
            [36m>[39m
              [0mSafety Reimagined.[0m
            [36m</div>[39m
          [36m</div>[39m
          [36m<hr[39m
            [33maria-orientation[39m=[32m"horizontal"[39m
            [33mclass[39m=[32m"chakra-divider css-14p6b9"[39m
          [36m/>[39m
          [36m<div[39m
            [33malign[39m=[32m"center"[39m
            [33mclass[39m=[32m"chakra-tabs css-tar2au"[39m
          [36m>[39m
            [36m<div[39m
              [33maria-orientation[39m=[32m"horizontal"[39m
              [33mclass[39m=[32m"chakra-tabs__tablist css-i0comy"[39m
              [33mrole[39m=[32m"tablist"[39m
            [36m>[39m
              [36m<button[39m
                [33maria-controls[39m=[32m"tabs-:r0:--tabpanel-0"[39m
                [33maria-selected[39m=[32m"false"[39m
                [33mclass[39m=[32m"chakra-tabs__tab css-5wl5ud"[39m
                [33mdata-index[39m=[32m"0"[39m
                [33mid[39m=[32m"tabs-:r0:--tab-0"[39m
                [33mrole[39m=[32m"tab"[39m
                [33mtabindex[39m=[32m"-1"[39m
                [33mtype[39m=[32m"button"[39m
              [36m>[39m
                [0mRecent Alerts[0m
              [36m</button>[39m
              [36m<button[39m
                [33maria-controls[39m=[32m"tabs-:r0:--tabpanel-1"[39m
                [33maria-selected[39m=[32m"true"[39m
                [33mclass[39m=[32m"chakra-tabs__tab css-5wl5ud"[39m
                [33mdata-index[39m=[32m"1"[39m
                [33mid[39m=[32m"tabs-:r0:--tab-1"[39m
                [33mrole[39m=[32m"tab"[39m
                [33mtabindex[39m=[32m"0"[39m
                [33mtype[39m=[32m"button"[39m
              [36m>[39m
                [0mBlue Button[0m
              [36m</button>[39m
              [36m<button[39m
                [33maria-controls[39m=[32m"tabs-:r0:--tabpanel-2"[39m
                [33maria-selected[39m=[32m"false"[39m
                [33mclass[39m=[32m"chakra-tabs__tab css-5wl5ud"[39m
                [33mdata-index[39m=[32m"2"[39m
                [33mid[39m=[32m"tabs-:r0:--tab-2"[39m
                [33mrole[39m=[32m"tab"[39m
                [33mtabindex[39m=[32m"-1"[39m
                [33mtype[39m=[32m"button"[39m
              [36m>[39m
                [0mAlert Advice[0m
              [36m</button>[39m
            [36m</div>[39m
            [36m<div[39m
              [33mclass[39m=[32m"chakra-tabs__tab-panels css-1lh1sed"[39m
            [36m>[39m
              [36m<div[39m
                [33maria-labelledby[39m=[32m"tabs-:r0:--tab-0"[39m
                [33mclass[39m=[32m"chakra-tabs__tab-panel css-sjt5nk"[39m
                [33mhidden[39m=[32m""[39m
                [33mid[39m=[32m"tabs-:r0:--tabpanel-0"[39m
                [33mrole[39m=[32m"tabpanel"[39m
                [33mtabindex[39m=[32m"0"[39m
              [36m>[39m
                [36m<div[39m
                  [33mclass[39m=[32m"css-gmuwbf"[39m
                [36m>[39m
                  [36m<div>[39m
                    [36m<div>[39m
                      [0mStay up to date on the most recent alerts in the area, with descriptions and help embedded in each.[0m
                    [36m</div>[39m
                    [36m<br />[39m
                    [36m<div[39m
                      [33mclass[39m=[32m"chakra-card css-d2qxo3"[39m
                      [33mstyle[39m=[32m"width: 90vw; border: 2px solid #ccc;"[39m
                    [36m>[39m
                      [36m<a[39m
                        [33mhref[39m=[32m"https://tinyurl.com/haksafetymap1"[39m
                        [33mrel[39m=[32m"noreferrer"[39m
                        [33mstyle[39m=[32m"width: 365px; height: 140px;"[39m
                        [33mtarget[39m=[32m"_blank"[39m
                      [36m>[39m
                        [36m<img[39m
                          [33malt[39m=[32m"Map 1"[39m
                          [33msrc[39m=[32m"map1.png"[39m
                          [33mstyle[39m=[32m"width: 140px; height: 140px; border-right: 2px solid #ccc;"[39m
                        [36m/>[39m
                      [36m</a>[39m
                      [36m<div[39m
                        [33mclass[39m=[32m"chakra-stack css-n21gh5"[39m
                      [36m>[39m
                        [36m<div[39m
                          [33mclass[39m=[32m"chakra-card__body css-0"[39m
                        [36m>[39m
                          [36m<h2[39m
                            [33mclass[39m=[32m"chakra-heading css-0"[39m
                          [36m>[39m
                            [0mCrime Alert: Shooting[0m
                          [36m</h2>[39m
                          [36m<span[39m
                            [33mstyle[39m=[32m"width: 100px;"[39m
                          [36m>[39m
                            [0mNewark Police Department is investigating a report of shots fired in the area East Main Street/Choate Street. Avoid the area. Call UDPD 831-2222 or 911 if you need emergency assistance. Members of our community are reminded to be vigilant. If you see something, say something.  Be aware of your surroundings and use well-lit paths.  Travel in groups when possible and call 911 to report suspicious activity.[0m
                          [36m</span>[39m
                        [36m</div>[39m
                      [36m</div>[39m
                    [36m</div>[39m
                    [36m<div[39m
                      [33mclass[39m=[32m"chakra-card css-d2qxo3"[39m
                      [33mstyle[39m=[32m"width: 90vw; border: 2px solid #ccc;"[39m
                    [36m>[39m
                      [36m<a[39m
                        [33mhref[39m=[32m"https://tinyurl.com/haksafetymap2"[39m
                        [33mrel[39m=[32m"noreferrer"[39m
                        [33mstyle[39m=[32m"width: 345px; height: 140px;"[39m
                        [33mtarget[39m=[32m"_blank"[39m
                      [36m>[39m
                        [36m<img[39m
                          [33malt[39m=[32m"Map 2"[39m
                          [33msrc[39m=[32m"map2.png"[39m
                          [33mstyle[39m=[32m"width: 140px; height: 140px; border-right: 2px solid #ccc;"[39m
                        [36m/>[39m
                      [36m</a>[39m
                      [36m<div[39m
                        [33mclass[39m=[32m"chakra-stack css-n21gh5"[39m
                      [36m>[39m
                        [36m<div[39m
                          [33mclass[39m=[32m"chakra-card__body css-0"[39m
                        [36m>[39m
                          [36m<h2[39m
                            [33mclass[39m=[32m"chakra-heading css-0"[39m
                          [36m>[39m
                            [0mCrime Alert: Sexual Assault [0m
                          [36m</h2>[39m
                          [36m<span[39m
                            [33mstyle[39m=[32m"width: 50vw;"[39m
                          [36m>[39m
                            [0mThe University of Delaware Police Department is investigating the report of a sexual assault that occurred on east campus.  Members of the community are reminded to be vigilant.  If you see something, say something.  UDPD is committed to assisting victims.  UD’s Sexual Offense Support program provides crisis support and victim advocacy 24/7 by calling (302)831-1001 and pressing “1”.[0m
                          [36m</span>[39m
                        [36m</div>[39m
                      [36m</div>[39m
                    [36m</div>[39m
                    [36m<div[39m
                      [33mclass[39m=[32m"chakra-card css-d2qxo3"[39m
                      [33mstyle[39m=[32m"width: 90vw; border: 2px solid #ccc;"[39m
                    [36m>[39m
                      [36m<a[39m
                        [33mhref[39m=[32m"https://tinyurl.com/haksafetymap3"[39m
                        [33mrel[39m=[32m"noreferrer"[39m
                        [33mstyle[39m=[32m"width: 255px; height: 140px;"[39m
                        [33mtarget[39m=[32m"_blank"[39m
                      [36m>[39m
                        [36m<img[39m
                          [33malt[39m=[32m"Map 3"[39m
                          [33msrc[39m=[32m"map3.png"[39m
                          [33mstyle[39m=[32m"width: 140px; height: 140px; border-right: 2px solid #ccc;"[39m
                        [36m/>[39m
                      [36m</a>[39m
                      [36m<div[39m
                        [33mclass[39m=[32m"chakra-stack css-n21gh5"[39m
                      [36m>[39m
                        [36m<div[39m
                          [33mclass[39m=[32m"chakra-card__body css-0"[39m
                        [36m>[39m
                          [36m<h2[39m
                            [33mclass[39m=[32m"chakra-heading css-0"[39m
                          [36m>[39m
                            [0mWeather Alert: Tornado [0m
                          [36m</h2>[39m
                          [36m<span[39m
                            [33mstyle[39m=[32m"width: 50vw;"[39m
                          [36m>[39m
                            [0mA Tornado Warning for New Castle County until 7PM. Move indoors to a low level or secure interior space. Stay away from windows/glass walls. Monitor weather updates on television/radio. Refer to https://www1.udel.edu/safety/info/tornado.html for safety and related additional information.[0m
                          [36m</span>[39m
                        [36m</div>[39m
                      [36m</div>[39m
                    [36m</div>[39m
                  [36m</div>[39m
                [36m</div>[39m
              [36m</div>[39m
              [36m<div[39m
                [33maria-labelledby[39m=[32m"tabs-:r0:--tab-1"[39m
                [33mclass[39m=[32m"chakra-tabs__tab-panel css-sjt5nk"[39m
                [33mid[39m=[32m"tabs-:r0:--tabpanel-1"[39m
                [33mrole[39m=[32m"tabpanel"[39m
                [33mtabindex[39m=[32m"0"[39m
              [36m>[39m
                [36m<div[39m
                  [33mclass[39m=[32m"css-gmuwbf"[39m
                [36m>[39m
                  [36m<div>[39m
                    [36m<div[39m
                      [33mstyle[39m=[32m"color: red; font-weight: bold; font-size: 25px; margin: 10px;"[39m
                    [36m>[39m
                      [0mFOR EMERGENCY USE[0m
                    [36m</div>[39m
                    [36m<button[39m
                      [33maria-label[39m=[32m"BLUE BUTTON ALERT"[39m
                      [33mclass[39m=[32m"chakra-button css-1ki5chu"[39m
                      [33mstyle[39m=[32m"width: 300px; height: 300px; font-size: 150px; border-radius: 50%; color: white;"[39m
                      [33mtype[39m=[32m"button"[39m
                    [36m>[39m
                      [36m<svg[39m
                        [33maria-hidden[39m=[32m"true"[39m
                        [33mclass[39m=[32m"chakra-icon css-onkibi"[39m
                        [33mfocusable[39m=[32m"false"[39m
                        [33mviewBox[39m=[32m"0 0 24 24"[39m
                      [36m>[39m
                        [36m<path[39m
                          [33md[39m=[32m"M23.119,20,13.772,2.15h0a2,2,0,0,0-3.543,0L.881,20a2,2,0,0,0,1.772,2.928H21.347A2,2,0,0,0,23.119,20ZM11,8.423a1,1,0,0,1,2,0v6a1,1,0,1,1-2,0Zm1.05,11.51h-.028a1.528,1.528,0,0,1-1.522-1.47,1.476,1.476,0,0,1,1.448-1.53h.028A1.527,1.527,0,0,1,13.5,18.4,1.475,1.475,0,0,1,12.05,19.933Z"[39m
                          [33mfill[39m=[32m"currentColor"[39m
                        [36m/>[39m
                      [36m</svg>[39m
                    [36m</button>[39m
                    [36m<div[39m
                      [33mstyle[39m=[32m"color: red; font-weight: bold; font-size: 25px; margin: 10px;"[39m
                    [36m>[39m
                      [0mPRESS TO NOTIFY EMERGENCY SERVICES[0m
                    [36m</div>[39m
                  [36m</div>[39m
                [36m</div>[39m
              [36m</div>[39m
              [36m<div[39m
                [33maria-labelledby[39m=[32m"tabs-:r0:--tab-2"[39m
                [33mclass[39m=[32m"chakra-tabs__tab-panel css-sjt5nk"[39m
                [33mhidden[39m=[32m""[39m
                [33mid[39m=[32m"tabs-:r0:--tabpanel-2"[39m
                [33mrole[39m=[32m"tabpanel"[39m
                [33mtabindex[39m=[32m"0"[39m
              [36m>[39m
                [36m<div[39m
                  [33mclass[39m=[32m"css-gmuwbf"[39m
                [36m>[39m
                  [36m<div>[39m
                    [36m<h2[39m
                      [33mclass[39m=[32m"chakra-heading css-0"[39m
                    [36m>[39m
                      [0mUnsure what to do in an emergency situation? No worries![0m
                    [36m</h2>[39m
                    [36m<br />[39m
                    [36m<div[39m
                      [33mclass[39m=[32m"chakra-form-control css-0"[39m
                      [33mrole[39m=[32m"group"[39m
                    [36m>[39m
                      [36m<label[39m
                        [33mclass[39m=[32m"chakra-form__label css-uvho5g"[39m
                        [33mfor[39m=[32m"field-:r1:"[39m
                        [33mid[39m=[32m"field-:r1:-label"[39m
                      [36m>[39m
                        [0mWhat Kind of Alert Did You Recieve? [0m
                      [36m</label>[39m
                      [36m<div[39m
                        [33mclass[39m=[32m"chakra-select__wrapper css-42b2qy"[39m
                      [36m>[39m
                        [36m<select[39m
                          [33mclass[39m=[32m"chakra-select css-1ik61og"[39m
                          [33mid[39m=[32m"field-:r1:"[39m
                        [36m>[39m
                          [36m<option[39m
                            [33mvalue[39m=[32m""[39m
                          [36m>[39m
                            [0mSelect type[0m
                          [36m</option>[39m
                          [36m<option[39m
                            [33mvalue[39m=[32m"weather"[39m
                          [36m>[39m
                            [0mSevere Weather[0m
                          [36m</option>[39m
                          [36m<option[39m
                            [33mvalue[39m=[32m"shooting"[39m
                          [36m>[39m
                            [0mShooting[0m
                          [36m</option>[39m
                          [36m<option[39m
                            [33mvalue[39m=[32m"theft"[39m
                          [36m>[39m
                            [0mTheft[0m
                          [36m</option>[39m
                          [36m<option[39m
                            [33mvalue[39m=[32m"sa"[39m
                          [36m>[39m
                            [0mSexual Assault[0m
                          [36m</option>[39m
                          [36m<option[39m
                            [33mvalue[39m=[32m"fire"[39m
                          [36m>[39m
                            [0mFire / Arson[0m
                          [36m</option>[39m
                        [36m</select>[39m
                        [36m<div[39m
                          [33mclass[39m=[32m"chakra-select__icon-wrapper css-162mkon"[39m
                        [36m>[39m
                          [36m<svg[39m
                            [33maria-hidden[39m=[32m"true"[39m
                            [33mclass[39m=[32m"chakra-select__icon"[39m
                            [33mfocusable[39m=[32m"false"[39m
                            [33mrole[39m=[32m"presentation"[39m
                            [33mstyle[39m=[32m"width: 1em; height: 1em; color: currentColor;"[39m
                            [33mviewBox[39m=[32m"0 0 24 24"[39m
                          [36m>[39m
                            [36m<path[39m
                              [33md[39m=[32m"M16.59 8.59L12 13.17 7.41 8.59 6 10l6 6 6-6z"[39m
                              [33mfill[39m=[32m"currentColor"[39m
                            [36m/>[39m
                          [36m</svg>[39m
                        [36m</div>[39m
                      [36m</div>[39m
                    [36m</div>[39m
                    [36m<br />[39m
                    [36m<div>[39m
                      [0m [0m
                      [0m [0m
                    [36m</div>[39m
                  [36m</div>[39m
                [36m</div>[39m
              [36m</div>[39m
            [36m</div>[39m
          [36m</div>[39m
          [36m<hr[39m
            [33maria-orientation[39m=[32m"horizontal"[39m
            [33mclass[39m=[32m"chakra-divider css-14p6b9"[39m
          [36m/>[39m
          [36m<div[39m
            [33mstyle[39m=[32m"background-color: rgb(190, 227, 248); padding: 30px 0px 40px 0px;"[39m
          [36m>[39m
            [36m<div>[39m
              [36m<b>[39m
                [0mImportant Numbers:[0m
              [36m</b>[39m
              [36m<div>[39m
                [0mUD Police Department: 302-831-2222[0m
              [36m</div>[39m
              [36m<div>[39m
                [0mPolice Department: 911[0m
              [36m</div>[39m
              [36m<div>[39m
                [0mSuicide and Crisis Lifeline: 988[0m
              [36m</div>[39m
              [36m<div>[39m
                [0mUD Student Health: 302-831-2226[0m
              [36m</div>[39m
              [36m<div>[39m
                [0mS.O.S Helpline: 302-831-1001 press 1[0m
              [36m</div>[39m
              [36m<div>[39m
                [0mStudent Health: (302) 831-3457[0m
              [36m</div>[39m
              [36m<div>[39m
                [0mNon-Emergency: 302-831-2117[0m
              [36m</div>[39m
            [36m</div>[39m
            [36m<br />[39m
            [36m<b>[39m
              [0mHAKSafety 2023[0m
            [36m</b>[39m
            [36m<br />[39m
            [36m<div>[39m
              [0mHenHacks UD[0m
            [36m</div>[39m
            [36m<br />[39m
            [36m<b>[39m
              [0mTeam Members[0m
            [36m</b>[39m
            [36m<br />[39m
            [0mHeni Patel, Aman Singh, Kambria Rogalski, Sakhee Desai[0m
          [36m</div>[39m
        [36m</div>[39m
      [36m</div>[39m
    [36m</body>[39m

       5 | test("renders learn react link", () => {
       6 |     render(<App />);
    >  7 |     const linkElement = screen.getByText(/learn react/i);
         |                                ^
       8 |     expect(linkElement).toBeInTheDocument();
       9 | });
      10 |

      at Object.getElementError (node_modules/@testing-library/react/node_modules/@testing-library/dom/dist/config.js:37:19)
      at node_modules/@testing-library/react/node_modules/@testing-library/dom/dist/query-helpers.js:76:38
      at node_modules/@testing-library/react/node_modules/@testing-library/dom/dist/query-helpers.js:52:17
      at getByText (node_modules/@testing-library/react/node_modules/@testing-library/dom/dist/query-helpers.js:95:19)
      at Object.<anonymous> (src/App.test.tsx:7:32)
      at TestScheduler.scheduleTests (node_modules/@jest/core/build/TestScheduler.js:333:13)
      at runJest (node_modules/@jest/core/build/runJest.js:404:19)
      at _run10000 (node_modules/@jest/core/build/cli/index.js:320:7)
      at runCLI (node_modules/@jest/core/build/cli/index.js:173:3)

---------------------|---------|----------|---------|---------|-------------------
File                 | % Stmts | % Branch | % Funcs | % Lines | Uncovered Line #s 
---------------------|---------|----------|---------|---------|-------------------
All files            |   19.35 |     6.25 |   44.44 |   19.35 |                   
 src                 |    7.14 |        0 |   33.33 |    7.14 |                   
  App.tsx            |     100 |      100 |     100 |     100 |                   
  index.tsx          |       0 |      100 |     100 |       0 | 8-32              
  reportWebVitals.ts |       0 |        0 |       0 |       0 | 3-10              
 src/components      |   29.41 |     8.33 |      50 |   29.41 |                   
  BlueButton.tsx     |   66.66 |       50 |      50 |   66.66 | 9                 
  RecentAlerts.tsx   |     100 |      100 |     100 |     100 |                   
  Solutions.tsx      |   15.38 |        0 |   33.33 |   15.38 | 8-86,128          
---------------------|---------|----------|---------|---------|-------------------
Test Suites: 1 failed, 1 total
Tests:       1 failed, 1 total
Snapshots:   0 total
Time:        2.788 s
Ran all test suites.
